

================================================================
== Synthesis Summary Report of 'mlp_sigmoid'
================================================================
+ General Information: 
    * Date:           Wed Nov 10 22:44:28 2021
    * Version:        2020.2 (Build 3064766 on Wed Nov 18 09:12:47 MST 2020)
    * Project:        mlp_sigmoid
    * Solution:       solution1 (Vivado IP Flow Target)
    * Product family: zynquplus
    * Target device:  xczu3eg-sbva484-1-i
    

+ Performance & Resource Estimates: 
    
    PS: '+' for module; 'o' for loop; '*' for dataflow
    +----------------------+------+-------+---------+-----------+----------+---------+------+----------+-----------+---------+-----------+-----------+-----+
    |        Modules       | Issue|       | Latency |  Latency  | Iteration|         | Trip |          |           |         |           |           |     |
    |        & Loops       | Type | Slack | (cycles)|    (ns)   |  Latency | Interval| Count| Pipelined|   BRAM    |   DSP   |     FF    |    LUT    | URAM|
    +----------------------+------+-------+---------+-----------+----------+---------+------+----------+-----------+---------+-----------+-----------+-----+
    |+ mlp_sigmoid         |     -|  -0.59|    65887|  6.589e+05|         -|    65888|     -|        no|  105 (24%)|  12 (3%)|  2041 (1%)|  5330 (7%)|    -|
    | o Loop 1             |     -|  -7.30|      257|  2.570e+03|         1|        1|   257|       yes|          -|        -|          -|          -|    -|
    | o Loop 2             |     -|  -7.30|      129|  1.290e+03|         1|        1|   129|       yes|          -|        -|          -|          -|    -|
    | o Loop 3             |     -|  -7.30|       10|    100.000|         1|        1|    10|       yes|          -|        -|          -|          -|    -|
    | o Loop 4             |     -|  -7.30|       73|    730.000|         1|        1|    73|       yes|          -|        -|          -|          -|    -|
    | o VITIS_LOOP_500_1   |     -|  -7.30|       72|    720.000|         1|        1|    72|       yes|          -|        -|          -|          -|    -|
    | o VITIS_LOOP_519_2   |     -|  -7.30|    26880|  2.688e+05|       105|        -|   256|        no|          -|        -|          -|          -|    -|
    |  o VITIS_LOOP_523_3  |     -|  -7.30|       79|    790.000|         8|        1|    73|       yes|          -|        -|          -|          -|    -|
    | o VITIS_LOOP_536_4   |     -|  -7.30|    36992|  3.699e+05|       289|        -|   128|        no|          -|        -|          -|          -|    -|
    |  o VITIS_LOOP_541_5  |     -|  -7.30|      263|  2.630e+03|         8|        1|   257|       yes|          -|        -|          -|          -|    -|
    | o VITIS_LOOP_553_6   |     -|  -7.30|     1449|  1.449e+04|       161|        -|     9|        no|          -|        -|          -|          -|    -|
    |  o VITIS_LOOP_557_7  |     -|  -7.30|      135|  1.350e+03|         8|        1|   129|       yes|          -|        -|          -|          -|    -|
    | o VITIS_LOOP_565_8   |     -|  -7.30|       10|    100.000|         3|        1|     9|       yes|          -|        -|          -|          -|    -|
    +----------------------+------+-------+---------+-----------+----------+---------+------+----------+-----------+---------+-----------+-----------+-----+

